 <!DOCTYPE html>
 <html lang="en">

 <head>
     <link rel="stylesheet" href="style.css">
     <link rel="icon" href="icon.ico">
     <meta charset="UTF-8">
     <title>Golden</title>
 </head>

 <body>
     <div id="wrap">
         <!--       header-->
         <div id="header">
             <div class="clearfix">
                 <div class="logo">
                     <a href=""><img src="logo.png" alt="logo" height="28" width="79"></a>
                 </div>
                 <ul class="nav">
                     <li><a href="">Home</a></li>
                     <li><a href="">Service</a></li>
                     <li><a href="">Portfolio</a></li>
                     <li><a href="">About</a></li>
                     <li><a href="">Contact</a></li>
                 </ul>
             </div>
         </div>
         <!--        home page-->
         <div id="home">
             <div class="container">
                 <h3>Welcome to our studio</h3>
                 <h1>It`s nice to meet you</h1>
                 <a href="" class="btn">Tell me more</a>
             </div>
         </div>
         <!--    services-->
         <div class="services">
             <div class="container clearfix">
                 <div class="Head">
                     <h1>Services</h1>
                     <p>Lorem ipsum dolor sit amet consectetur.</p>
                 </div>
                 <div class="servs">
                     <div class="serv1">
                         <img src="Comerce.png" class="sLogo" alt="image">
                         <p class="sName">E-Comerce</p>
                         <p class="sText">Lorem ipsum dolor sit amet, consectetur adipisicing elit. Nam odit magnam consequatur adipisci facere voluptatibus corrupti nisi rem ratione perferendis!</p>
                     </div>
                     <div class="serv2">
                         <img src="Responsive.png" class="sLogo" alt="image">
                         <p class="sName">Responsive Web</p>
                         <p class="sText">Lorem ipsum dolor sit amet, consectetur adipisicing elit. Consequuntur corrupti repellat quis hic porro, a accusamus sed quod modi incidunt.</p>
                     </div>
                     <div class="serv3">
                         <img src="Sequrity.png" class="sLogo" alt="image">
                         <p class="sName">Web Security</p>
                         <p class="sText">Lorem ipsum dolor sit amet, consectetur adipisicing elit. Eius voluptates sint, unde qui distinctio animi omnis voluptatibus incidunt illum eos.</p>
                     </div>
                 </div>
             </div>
         </div>
         <!--        portfolio-->
         <div class="portfolio">
             <div class="container clearfix">
                 <div class="Head">
                     <h2>Our portfolio</h2>
                     <p>Lorem ipsum dolor consectetur.</p>
                 </div>
                 <div class="cards">
                     <div class="card">
                         <img src="p-item1.jpg" alt="image" class="cardImg">
                         <p class="cardName">Ebony & Ivory</p>
                         <p class="cardText">Branding</p>
                     </div>
                     <div class="card">
                         <img src="p-item2.jpg" alt="image" class="cardImg">
                         <p class="cardName">Smart Stationary</p>
                         <p class="cardText">Print Desing</p>
                     </div>
                     <div class="card">
                         <img src="p-item3.jpg" alt="image" class="cardImg">
                         <p class="cardName">Clever Poster</p>
                         <p class="cardText">Print Desing</p>
                     </div>
                 </div>
                 <div class="cards">
                     <div class="card">
                         <img src="p-item4.jpg" alt="image" class="cardImg">
                         <p class="cardName">Lorem</p>
                         <p class="cardText">Lorem ipsum dolor sit amet.</p>
                     </div>
                     <div class="card">
                         <img src="p-item5.jpg" alt="image" class="cardImg">
                         <p class="cardName">Lorem</p>
                         <p class="cardText">Lorem ipsum dolor sit amet.</p>
                     </div>
                     <div class="card">
                         <img src="p-item6.jpg" alt="image" class="cardImg">
                         <p class="cardName">Lorem</p>
                         <p class="cardText">Lorem ipsum dolor sit amet.</p>
                     </div>
                 </div>
             </div>
         </div>
         <!--        about us-->
         <div class="aboutUs container1">
             <div class="head1">
                 <div class="Head">
                     <h2>about us</h2>
                     <p>Lorem ipsum dolor sit amet consectetur.</p>
                 </div>
             </div>
             <div class="circle1">
                 <span class="ctext1">
                     <h4>JULY 2010</h4>
                     <h5>Our Humble Beginings</h5>
                     <p>Lorem ipsum dolor sit amet, consectetur adipisicing elit. Explicabo quis neque quae sequi eveniet nobis ipsam maiores aliquam eos numquam tenetur ipsum temporibus dolores, nesciunt obcaecati, consequuntur, veritatis vel quod.</p>
                 </span>
                 <span class="cimage">
                     <img src="circle1.jpg" class="circleImg" alt="circle image" class="circle">
                 </span>
             </div>
             <div class="line"></div>
             <div class="circle2">
                 <span class="ctext">
                     <h4>JANUARY 2011</h4>
                     <h5>Facing startup battles</h5>
                     <p>Lorem ipsum dolor sit amet, consectetur adipisicing elit. Explicabo quis neque quae sequi eveniet nobis ipsam maiores aliquam eos numquam tenetur ipsum temporibus dolores, nesciunt obcaecati, consequuntur, veritatis vel quod.</p>
                 </span>
                 <span class="cimage">
                     <img src="circle2.jpg" class="circleImg" alt="circle image" class="circle">
                 </span>
             </div>
             <div class="line"></div>
             <div class="circle1">
                 <span class="ctext1">
                     <h4>JULY 2015</h4>
                     <h5>Our Humble Beginings</h5>
                     <p>Lorem ipsum dolor sit amet, consectetur adipisicing elit. Explicabo quis neque quae sequi eveniet nobis ipsam maiores aliquam eos numquam tenetur ipsum temporibus dolores, nesciunt obcaecati, consequuntur, veritatis vel quod.</p>
                 </span>
                 <span class="cimage">
                     <img src="about-item3.png" class="circleImg" alt="circle image" class="circle">
                 </span>
             </div>
             <div class="line"></div>
             <div class="circle2">
                 <span class="ctext">
                     <h4>OUR STORY COUNTINUED</h4>
                     <h5>Facing Startup Battles</h5>
                     <p>Lorem ipsum dolor sit amet, consectetur adipisicing elit. Explicabo quis neque quae sequi eveniet nobis ipsam maiores aliquam eos numquam tenetur ipsum temporibus dolores, nesciunt obcaecati, consequuntur, veritatis vel quod.</p>
                 </span>
                 <span class="cimage">
                     <img src="about-item5.png" class="circleImg" alt="circle image" class="circle">
                 </span>
             </div>

         </div>
         <!--        our amazing team-->
         <div class="ourAmazingTeam">
             <div class="Head">
                 <h2>our amazing team</h2>
                 <p>Lorem ipsum dolor sit amet consectetur.</p>
             </div>
             <div class="blocks">
                 <!--                block-->
                 <div class="block">
                     <div class="photo1"></div>
                     <p class="name">Kimberly Thomson</p>
                     <p class="workPosition">Marketolog</p>
                     <div class="socMedia">
                         <a href=""><img src="" alt=""></a>
                         <a href=""><img src="" alt=""></a>
                         <a href=""><img src="" alt=""></a>
                     </div>
                 </div>
                 <!--                 block-->
                 <div class="block">
                     <div class="photo2"></div>
                     <p class="name">Rico Massimo</p>
                     <p class="workPosition">Coder</p>
                     <div class="socMedia">
                         <a href=""><img src="" alt=""></a>
                         <a href=""><img src="" alt=""></a>
                         <a href=""><img src="" alt=""></a>
                     </div>
                 </div>
                 <!--                 block-->
                 <div class="block">
                     <div class="photo3"></div>
                     <p class="name">Uka Mason</p>
                     <p class="workPosition">Graphic Desinger</p>
                     <div class="socMedia">
                         <a href=""><img src="" alt=""></a>
                         <a href=""><img src="" alt=""></a>
                         <a href=""><img src="" alt=""></a>
                     </div>
                 </div>

             </div>
             <div class="text">
                 <p>Lorem ipsum dolor sit amet, consectetur adipisicing elit. Natus totam aspernatur modi tenetur pariatur laudantium maiores officia repellendus aut vitae nam quod beatae perferendis voluptatum, provident magni accusamus deleniti veniam.</p>
             </div>
         </div>
         <!--         footer-->
         <div class="footer">
             <div class="Head">
                 <h2 style="color: #fff">Contact us</h2>
                 <p style="color: gray">Lorem ipsum dolor sit amet.</p>
             </div>
             <div class="inputs">
                 <div class="input3">
                    <input type="text" placeholder="YOUR NAME*">
                    <input type="text" placeholder="YOUR EMAIL*">
                    <input type="text" placeholder="SUBJECT*">
                 </div>
                 <div class="bigInput">
                     <input type="text" placeholder="YOUR MESSAGE*">
                 </div>
             </div>
             <a href="" class="button">SEND MESSAGE</a>
         </div>
     </div>
 </body>

 </html>
